<?xml version="1.0" encoding="utf-8"?><testsuites><testsuite name="pytest" errors="1" failures="0" skipped="0" tests="1" time="0.220" timestamp="2025-02-07T08:13:27.181314-08:00" hostname="pop"><testcase classname="" name="test_simple_pomdp" time="0.000"><error message="collection failure">ImportError while importing test module '/home/trim/Documents/Obsidian/cognitive/tests/test_simple_pomdp.py'.
Hint: make sure your test modules/packages have valid Python names.
Traceback:
/usr/lib/python3.10/importlib/__init__.py:126: in import_module
    return _bootstrap._gcd_import(name[level:], package, level)
../../Cognitive_Modeling/tests/test_simple_pomdp.py:11: in &lt;module&gt;
    from Things.SimplePOMDP.simple_pomdp import SimplePOMDP, compute_expected_free_energy
E   ModuleNotFoundError: No module named 'Things.SimplePOMDP'</error></testcase></testsuite></testsuites>